// Jest Snapshot v1, https://goo.gl/fbAQLP

exports[`should render Header correctly 1`] = `
<header>
  <h1
    className="text-xl p-4"
  >
    Expense Tracker
  </h1>
  <div
    className="space-x-3 p-4"
  >
    <a
      aria-current="page"
      className="text-red-500"
      href="/"
      onClick={[Function]}
    >
      Dashboard
    </a>
    <a
      className="text-black"
      href="/create"
      onClick={[Function]}
    >
      Add Expense
    </a>
    <a
      className="text-black"
      href="/edit"
      onClick={[Function]}
    >
      Edit Expense
    </a>
    <a
      className="text-black"
      href="/help"
      onClick={[Function]}
    >
      Help
    </a>
  </div>
</header>
`;
