// Jest Snapshot v1, https://goo.gl/fbAQLP

exports[`should render Header correctly 1`] = `
<div>
  404 - 
  <a
    href="/"
    onClick={[Function]}
  >
    Go home
  </a>
</div>
`;
